Release 14.7 - xst P.20131013 (nt64)
Copyright (c) 1995-2013 Xilinx, Inc.  All rights reserved.
--> Parameter TMPDIR set to xst/projnav.tmp


Total REAL time to Xst completion: 0.00 secs
Total CPU time to Xst completion: 0.07 secs
 
--> Parameter xsthdpdir set to xst


Total REAL time to Xst completion: 0.00 secs
Total CPU time to Xst completion: 0.07 secs
 
--> Reading design: matrix_multiplier_tb.prj

TABLE OF CONTENTS
  1) Synthesis Options Summary
  2) HDL Parsing
  3) HDL Elaboration
  4) HDL Synthesis
       4.1) HDL Synthesis Report
  5) Advanced HDL Synthesis
       5.1) Advanced HDL Synthesis Report
  6) Low Level Synthesis
  7) Partition Report
  8) Design Summary
       8.1) Primitive and Black Box Usage
       8.2) Device utilization summary
       8.3) Partition Resource Summary
       8.4) Timing Report
            8.4.1) Clock Information
            8.4.2) Asynchronous Control Signals Information
            8.4.3) Timing Summary
            8.4.4) Timing Details
            8.4.5) Cross Clock Domains Report


=========================================================================
*                      Synthesis Options Summary                        *
=========================================================================
---- Source Parameters
Input File Name                    : "matrix_multiplier_tb.prj"
Ignore Synthesis Constraint File   : NO

---- Target Parameters
Output File Name                   : "matrix_multiplier_tb"
Output Format                      : NGC
Target Device                      : xa7a100t-2I-csg324

---- Source Options
Top Module Name                    : matrix_multiplier_tb
Automatic FSM Extraction           : YES
FSM Encoding Algorithm             : Auto
Safe Implementation                : No
FSM Style                          : LUT
RAM Extraction                     : Yes
RAM Style                          : Auto
ROM Extraction                     : Yes
Shift Register Extraction          : YES
ROM Style                          : Auto
Resource Sharing                   : YES
Asynchronous To Synchronous        : NO
Shift Register Minimum Size        : 2
Use DSP Block                      : Auto
Automatic Register Balancing       : No

---- Target Options
LUT Combining                      : Auto
Reduce Control Sets                : Auto
Add IO Buffers                     : YES
Global Maximum Fanout              : 100000
Add Generic Clock Buffer(BUFG)     : 32
Register Duplication               : YES
Optimize Instantiated Primitives   : NO
Use Clock Enable                   : Auto
Use Synchronous Set                : Auto
Use Synchronous Reset              : Auto
Pack IO Registers into IOBs        : Auto
Equivalent register Removal        : YES

---- General Options
Optimization Goal                  : Speed
Optimization Effort                : 1
Power Reduction                    : NO
Keep Hierarchy                     : No
Netlist Hierarchy                  : As_Optimized
RTL Output                         : Yes
Global Optimization                : AllClockNets
Read Cores                         : YES
Write Timing Constraints           : NO
Cross Clock Analysis               : NO
Hierarchy Separator                : /
Bus Delimiter                      : <>
Case Specifier                     : Maintain
Slice Utilization Ratio            : 100
BRAM Utilization Ratio             : 100
DSP48 Utilization Ratio            : 100
Auto BRAM Packing                  : NO
Slice Utilization Ratio Delta      : 5

=========================================================================


=========================================================================
*                          HDL Parsing                                  *
=========================================================================
Analyzing Verilog file "C:\Users\arman\Desktop\dsd_project\DSDProject_992\Project\ISEProject\adder.v" into library work
Parsing module <adder>.
Analyzing Verilog file "C:\Users\arman\Desktop\dsd_project\DSDProject_992\Project\ISEProject\ram.v" into library work
Parsing module <ram>.
Analyzing Verilog file "C:\Users\arman\Desktop\dsd_project\DSDProject_992\Project\ISEProject\matrix_mul_cu.v" into library work
Parsing module <matrix_mul_cu>.
INFO:HDLCompiler:693 - "C:\Users\arman\Desktop\dsd_project\DSDProject_992\Project\ISEProject\matrix_mul_cu.v" Line 113. parameter declaration becomes local in matrix_mul_cu with formal parameter declaration list
INFO:HDLCompiler:693 - "C:\Users\arman\Desktop\dsd_project\DSDProject_992\Project\ISEProject\matrix_mul_cu.v" Line 114. parameter declaration becomes local in matrix_mul_cu with formal parameter declaration list
INFO:HDLCompiler:693 - "C:\Users\arman\Desktop\dsd_project\DSDProject_992\Project\ISEProject\matrix_mul_cu.v" Line 115. parameter declaration becomes local in matrix_mul_cu with formal parameter declaration list
INFO:HDLCompiler:693 - "C:\Users\arman\Desktop\dsd_project\DSDProject_992\Project\ISEProject\matrix_mul_cu.v" Line 116. parameter declaration becomes local in matrix_mul_cu with formal parameter declaration list
INFO:HDLCompiler:693 - "C:\Users\arman\Desktop\dsd_project\DSDProject_992\Project\ISEProject\matrix_mul_cu.v" Line 117. parameter declaration becomes local in matrix_mul_cu with formal parameter declaration list
INFO:HDLCompiler:693 - "C:\Users\arman\Desktop\dsd_project\DSDProject_992\Project\ISEProject\matrix_mul_cu.v" Line 118. parameter declaration becomes local in matrix_mul_cu with formal parameter declaration list
INFO:HDLCompiler:693 - "C:\Users\arman\Desktop\dsd_project\DSDProject_992\Project\ISEProject\matrix_mul_cu.v" Line 119. parameter declaration becomes local in matrix_mul_cu with formal parameter declaration list
INFO:HDLCompiler:693 - "C:\Users\arman\Desktop\dsd_project\DSDProject_992\Project\ISEProject\matrix_mul_cu.v" Line 120. parameter declaration becomes local in matrix_mul_cu with formal parameter declaration list
INFO:HDLCompiler:693 - "C:\Users\arman\Desktop\dsd_project\DSDProject_992\Project\ISEProject\matrix_mul_cu.v" Line 121. parameter declaration becomes local in matrix_mul_cu with formal parameter declaration list
INFO:HDLCompiler:693 - "C:\Users\arman\Desktop\dsd_project\DSDProject_992\Project\ISEProject\matrix_mul_cu.v" Line 122. parameter declaration becomes local in matrix_mul_cu with formal parameter declaration list
INFO:HDLCompiler:693 - "C:\Users\arman\Desktop\dsd_project\DSDProject_992\Project\ISEProject\matrix_mul_cu.v" Line 123. parameter declaration becomes local in matrix_mul_cu with formal parameter declaration list
INFO:HDLCompiler:693 - "C:\Users\arman\Desktop\dsd_project\DSDProject_992\Project\ISEProject\matrix_mul_cu.v" Line 124. parameter declaration becomes local in matrix_mul_cu with formal parameter declaration list
INFO:HDLCompiler:693 - "C:\Users\arman\Desktop\dsd_project\DSDProject_992\Project\ISEProject\matrix_mul_cu.v" Line 125. parameter declaration becomes local in matrix_mul_cu with formal parameter declaration list
INFO:HDLCompiler:693 - "C:\Users\arman\Desktop\dsd_project\DSDProject_992\Project\ISEProject\matrix_mul_cu.v" Line 126. parameter declaration becomes local in matrix_mul_cu with formal parameter declaration list
INFO:HDLCompiler:693 - "C:\Users\arman\Desktop\dsd_project\DSDProject_992\Project\ISEProject\matrix_mul_cu.v" Line 127. parameter declaration becomes local in matrix_mul_cu with formal parameter declaration list
INFO:HDLCompiler:693 - "C:\Users\arman\Desktop\dsd_project\DSDProject_992\Project\ISEProject\matrix_mul_cu.v" Line 128. parameter declaration becomes local in matrix_mul_cu with formal parameter declaration list
INFO:HDLCompiler:693 - "C:\Users\arman\Desktop\dsd_project\DSDProject_992\Project\ISEProject\matrix_mul_cu.v" Line 129. parameter declaration becomes local in matrix_mul_cu with formal parameter declaration list
INFO:HDLCompiler:693 - "C:\Users\arman\Desktop\dsd_project\DSDProject_992\Project\ISEProject\matrix_mul_cu.v" Line 130. parameter declaration becomes local in matrix_mul_cu with formal parameter declaration list
INFO:HDLCompiler:693 - "C:\Users\arman\Desktop\dsd_project\DSDProject_992\Project\ISEProject\matrix_mul_cu.v" Line 132. parameter declaration becomes local in matrix_mul_cu with formal parameter declaration list
INFO:HDLCompiler:693 - "C:\Users\arman\Desktop\dsd_project\DSDProject_992\Project\ISEProject\matrix_mul_cu.v" Line 133. parameter declaration becomes local in matrix_mul_cu with formal parameter declaration list
INFO:HDLCompiler:693 - "C:\Users\arman\Desktop\dsd_project\DSDProject_992\Project\ISEProject\matrix_mul_cu.v" Line 135. parameter declaration becomes local in matrix_mul_cu with formal parameter declaration list
INFO:HDLCompiler:693 - "C:\Users\arman\Desktop\dsd_project\DSDProject_992\Project\ISEProject\matrix_mul_cu.v" Line 136. parameter declaration becomes local in matrix_mul_cu with formal parameter declaration list
INFO:HDLCompiler:693 - "C:\Users\arman\Desktop\dsd_project\DSDProject_992\Project\ISEProject\matrix_mul_cu.v" Line 137. parameter declaration becomes local in matrix_mul_cu with formal parameter declaration list
INFO:HDLCompiler:693 - "C:\Users\arman\Desktop\dsd_project\DSDProject_992\Project\ISEProject\matrix_mul_cu.v" Line 138. parameter declaration becomes local in matrix_mul_cu with formal parameter declaration list
INFO:HDLCompiler:693 - "C:\Users\arman\Desktop\dsd_project\DSDProject_992\Project\ISEProject\matrix_mul_cu.v" Line 139. parameter declaration becomes local in matrix_mul_cu with formal parameter declaration list
INFO:HDLCompiler:693 - "C:\Users\arman\Desktop\dsd_project\DSDProject_992\Project\ISEProject\matrix_mul_cu.v" Line 140. parameter declaration becomes local in matrix_mul_cu with formal parameter declaration list
INFO:HDLCompiler:693 - "C:\Users\arman\Desktop\dsd_project\DSDProject_992\Project\ISEProject\matrix_mul_cu.v" Line 141. parameter declaration becomes local in matrix_mul_cu with formal parameter declaration list
INFO:HDLCompiler:693 - "C:\Users\arman\Desktop\dsd_project\DSDProject_992\Project\ISEProject\matrix_mul_cu.v" Line 142. parameter declaration becomes local in matrix_mul_cu with formal parameter declaration list
INFO:HDLCompiler:693 - "C:\Users\arman\Desktop\dsd_project\DSDProject_992\Project\ISEProject\matrix_mul_cu.v" Line 145. parameter declaration becomes local in matrix_mul_cu with formal parameter declaration list
INFO:HDLCompiler:693 - "C:\Users\arman\Desktop\dsd_project\DSDProject_992\Project\ISEProject\matrix_mul_cu.v" Line 148. parameter declaration becomes local in matrix_mul_cu with formal parameter declaration list
INFO:HDLCompiler:693 - "C:\Users\arman\Desktop\dsd_project\DSDProject_992\Project\ISEProject\matrix_mul_cu.v" Line 149. parameter declaration becomes local in matrix_mul_cu with formal parameter declaration list
Analyzing Verilog file "C:\Users\arman\Desktop\dsd_project\DSDProject_992\Project\ISEProject\base_matrix_multiplier.v" into library work
Parsing module <base_matrix_multiplier>.
Parsing module <test>.
Analyzing Verilog file "C:\Users\arman\Desktop\dsd_project\DSDProject_992\Project\ISEProject\accumulator.v" into library work
Parsing module <accumulator>.
Analyzing Verilog file "C:\Users\arman\Desktop\dsd_project\DSDProject_992\Project\ISEProject\matrix_multiplier.v" into library work
Parsing module <matrix_multiplier>.
Analyzing Verilog file "C:\Users\arman\Desktop\dsd_project\DSDProject_992\Project\ISEProject\matrix_multiplier_tb.v" into library work
Parsing module <matrix_multiplier_tb>.

=========================================================================
*                            HDL Elaboration                            *
=========================================================================
WARNING:HDLCompiler:1016 - "C:\Users\arman\Desktop\dsd_project\DSDProject_992\Project\ISEProject\matrix_multiplier_tb.v" Line 9: Port ram_writing is not connected to this instance

Elaborating module <matrix_multiplier_tb>.
WARNING:HDLCompiler:872 - "C:\Users\arman\Desktop\dsd_project\DSDProject_992\Project\ISEProject\matrix_multiplier_tb.v" Line 18: Using initial value of rst since it is never assigned
WARNING:HDLCompiler:1016 - "C:\Users\arman\Desktop\dsd_project\DSDProject_992\Project\ISEProject\matrix_multiplier.v" Line 20: Port block_mac_complete is not connected to this instance

Elaborating module <matrix_multiplier>.

Elaborating module <matrix_mul_cu>.
WARNING:HDLCompiler:1127 - "C:\Users\arman\Desktop\dsd_project\DSDProject_992\Project\ISEProject\matrix_mul_cu.v" Line 88: Assignment to w_2N2 ignored, since the identifier is never used
WARNING:HDLCompiler:413 - "C:\Users\arman\Desktop\dsd_project\DSDProject_992\Project\ISEProject\matrix_mul_cu.v" Line 205: Result of 32-bit expression is truncated to fit in 9-bit target.
WARNING:HDLCompiler:413 - "C:\Users\arman\Desktop\dsd_project\DSDProject_992\Project\ISEProject\matrix_mul_cu.v" Line 206: Result of 32-bit expression is truncated to fit in 9-bit target.

Elaborating module <ram>.

Elaborating module <base_matrix_multiplier>.
ERROR:HDLCompiler:1654 - "C:\Users\arman\Desktop\dsd_project\DSDProject_992\Project\ISEProject\base_matrix_multiplier.v" Line 93: Instantiating <multiplier_a11_b11> from unknown module <single_multiplier>
Module base_matrix_multiplier remains a blackbox, due to errors in its contents
WARNING:HDLCompiler:1499 - "C:\Users\arman\Desktop\dsd_project\DSDProject_992\Project\ISEProject\base_matrix_multiplier.v" Line 1: Empty module <base_matrix_multiplier> remains a black box.

Elaborating module <accumulator>.

Elaborating module <adder>.
WARNING:HDLCompiler:413 - "C:\Users\arman\Desktop\dsd_project\DSDProject_992\Project\ISEProject\adder.v" Line 85: Result of 32-bit expression is truncated to fit in 10-bit target.
WARNING:HDLCompiler:413 - "C:\Users\arman\Desktop\dsd_project\DSDProject_992\Project\ISEProject\adder.v" Line 86: Result of 32-bit expression is truncated to fit in 10-bit target.
WARNING:HDLCompiler:413 - "C:\Users\arman\Desktop\dsd_project\DSDProject_992\Project\ISEProject\adder.v" Line 123: Result of 9-bit expression is truncated to fit in 8-bit target.
WARNING:HDLCompiler:413 - "C:\Users\arman\Desktop\dsd_project\DSDProject_992\Project\ISEProject\adder.v" Line 124: Result of 24-bit expression is truncated to fit in 23-bit target.
WARNING:HDLCompiler:413 - "C:\Users\arman\Desktop\dsd_project\DSDProject_992\Project\ISEProject\adder.v" Line 129: Result of 9-bit expression is truncated to fit in 8-bit target.
WARNING:HDLCompiler:413 - "C:\Users\arman\Desktop\dsd_project\DSDProject_992\Project\ISEProject\adder.v" Line 130: Result of 24-bit expression is truncated to fit in 23-bit target.
WARNING:HDLCompiler:413 - "C:\Users\arman\Desktop\dsd_project\DSDProject_992\Project\ISEProject\adder.v" Line 135: Result of 9-bit expression is truncated to fit in 8-bit target.
WARNING:HDLCompiler:413 - "C:\Users\arman\Desktop\dsd_project\DSDProject_992\Project\ISEProject\adder.v" Line 136: Result of 24-bit expression is truncated to fit in 23-bit target.
WARNING:HDLCompiler:413 - "C:\Users\arman\Desktop\dsd_project\DSDProject_992\Project\ISEProject\adder.v" Line 158: Result of 11-bit expression is truncated to fit in 10-bit target.
WARNING:HDLCompiler:413 - "C:\Users\arman\Desktop\dsd_project\DSDProject_992\Project\ISEProject\adder.v" Line 162: Result of 11-bit expression is truncated to fit in 10-bit target.
WARNING:HDLCompiler:413 - "C:\Users\arman\Desktop\dsd_project\DSDProject_992\Project\ISEProject\adder.v" Line 195: Result of 11-bit expression is truncated to fit in 10-bit target.
WARNING:HDLCompiler:413 - "C:\Users\arman\Desktop\dsd_project\DSDProject_992\Project\ISEProject\adder.v" Line 208: Result of 32-bit expression is truncated to fit in 10-bit target.
WARNING:HDLCompiler:413 - "C:\Users\arman\Desktop\dsd_project\DSDProject_992\Project\ISEProject\adder.v" Line 221: Result of 11-bit expression is truncated to fit in 10-bit target.
WARNING:HDLCompiler:413 - "C:\Users\arman\Desktop\dsd_project\DSDProject_992\Project\ISEProject\adder.v" Line 234: Result of 25-bit expression is truncated to fit in 24-bit target.
WARNING:HDLCompiler:413 - "C:\Users\arman\Desktop\dsd_project\DSDProject_992\Project\ISEProject\adder.v" Line 236: Result of 11-bit expression is truncated to fit in 10-bit target.
WARNING:HDLCompiler:413 - "C:\Users\arman\Desktop\dsd_project\DSDProject_992\Project\ISEProject\adder.v" Line 245: Result of 9-bit expression is truncated to fit in 8-bit target.
WARNING:HDLCompiler:1127 - "C:\Users\arman\Desktop\dsd_project\DSDProject_992\Project\ISEProject\matrix_multiplier_tb.v" Line 9: Assignment to done ignored, since the identifier is never used
--> 

Total memory usage is 4502052 kilobytes

Number of errors   :    1 (   0 filtered)
Number of warnings :   24 (   0 filtered)
Number of infos    :    0 (   0 filtered)

